[backblue.gif]
[fade.gif]
[index.html]
[makaanlelo.com/tf_products_007/bookland/xhtml/social-image.1.delayed]
[bookland.dexignzone.com/xhtml/images/favicon.png]
[bookland.dexignzone.com/xhtml/images/logo.png]
[bookland.dexignzone.com/xhtml/images/books/small/pic1.jpg]
[bookland.dexignzone.com/xhtml/images/books/small/pic2.jpg]
[bookland.dexignzone.com/xhtml/images/books/small/pic3.jpg]
[bookland.dexignzone.com/xhtml/images/profile1.jpg]
[bookland.dexignzone.com/xhtml/images/background/waveelement.png]
[bookland.dexignzone.com/xhtml/images/partner/partner-1.png]
[bookland.dexignzone.com/xhtml/images/partner/partner-2.png]
[bookland.dexignzone.com/xhtml/images/partner/partner-3.png]
[bookland.dexignzone.com/xhtml/images/banner/banner-media.png]
[bookland.dexignzone.com/xhtml/images/Group.png]
[bookland.dexignzone.com/xhtml/images/banner/banner-media2.png]
[bookland.dexignzone.com/xhtml/images/books/book16.png]
[bookland.dexignzone.com/xhtml/images/books/grid/book9.jpg]
[bookland.dexignzone.com/xhtml/images/books/grid/book6.jpg]
[bookland.dexignzone.com/xhtml/images/books/grid/book5.jpg]
[bookland.dexignzone.com/xhtml/images/books/grid/book2.jpg]
[bookland.dexignzone.com/xhtml/images/books/grid/book16.jpg]
[bookland.dexignzone.com/xhtml/images/books/grid/book14.jpg]
[bookland.dexignzone.com/xhtml/images/books/grid/book1.jpg]
[bookland.dexignzone.com/xhtml/images/books/grid/book15.jpg]
[bookland.dexignzone.com/xhtml/images/books/grid/book11.jpg]
[bookland.dexignzone.com/xhtml/images/books/grid/book7.jpg]
[bookland.dexignzone.com/xhtml/images/books/grid/book12.jpg]
[bookland.dexignzone.com/xhtml/images/books/grid/book3.jpg]
[bookland.dexignzone.com/xhtml/images/books/large/bigbook1.jpg]
[bookland.dexignzone.com/xhtml/images/books/large/bigbook2.jpg]
[bookland.dexignzone.com/xhtml/images/blog/blog5.jpg]
[bookland.dexignzone.com/xhtml/images/blog/blog6.jpg]
[bookland.dexignzone.com/xhtml/images/blog/blog7.jpg]
[bookland.dexignzone.com/xhtml/images/testimonial/testimonial1.jpg]
[bookland.dexignzone.com/xhtml/images/testimonial/testimonial2.jpg]
[bookland.dexignzone.com/xhtml/images/testimonial/testimonial3.jpg]
[bookland.dexignzone.com/xhtml/images/testimonial/testimonial4.jpg]
[bookland.dexignzone.com/xhtml/images/blog/grid/blog4.jpg]
[bookland.dexignzone.com/xhtml/images/blog/grid/blog3.jpg]
[bookland.dexignzone.com/xhtml/images/blog/grid/blog2.jpg]
[bookland.dexignzone.com/xhtml/images/blog/grid/blog1.jpg]
[bookland.dexignzone.com/xhtml/images/background/bg1.jpg]
[bookland.dexignzone.com/xhtml/js/jquery.min.js]
[bookland.dexignzone.com/xhtml/vendor/wow/wow.min.js]
[bookland.dexignzone.com/xhtml/vendor/bootstrap/dist/js/bootstrap.bundle.min.js]
[bookland.dexignzone.com/xhtml/vendor/bootstrap-select/dist/js/bootstrap-select.min.js]
[bookland.dexignzone.com/xhtml/vendor/counter/waypoints-min.js]
[bookland.dexignzone.com/xhtml/vendor/counter/counterup.min.js]
[bookland.dexignzone.com/xhtml/vendor/swiper/swiper-bundle.min.js]
[bookland.dexignzone.com/xhtml/js/dz.carousel.js]
[bookland.dexignzone.com/xhtml/js/dz.ajax.js]
[bookland.dexignzone.com/xhtml/js/custom.js]
[bookland.dexignzone.com/xhtml/index.html]
[makaanlelo.com/tf_products_007/bookland/xhtml/social-image.html]
[bookland.dexignzone.com/xhtml/vendor/bootstrap-select/dist/css/bootstrap-select.min.css]
[bookland.dexignzone.com/xhtml/icons/fontawesome/webfonts/fa-brands-400.woff2]
[bookland.dexignzone.com/xhtml/icons/fontawesome/webfonts/fa-brands-400.ttf]
[bookland.dexignzone.com/xhtml/icons/fontawesome/webfonts/fa-regular-400.woff2]
[bookland.dexignzone.com/xhtml/icons/fontawesome/webfonts/fa-regular-400.ttf]
[bookland.dexignzone.com/xhtml/icons/fontawesome/webfonts/fa-solid-900.woff2]
[bookland.dexignzone.com/xhtml/icons/fontawesome/webfonts/fa-solid-900.ttf]
[bookland.dexignzone.com/xhtml/icons/fontawesome/webfonts/fa-v4compatibility.woff2]
[bookland.dexignzone.com/xhtml/icons/fontawesome/webfonts/fa-v4compatibility.ttf]
[bookland.dexignzone.com/xhtml/icons/fontawesome/css/all.min.css]
[bookland.dexignzone.com/xhtml/vendor/swiper/swiper-bundle.min.css]
[bookland.dexignzone.com/xhtml/vendor/animate/animate.css]
[bookland.dexignzone.com/xhtml/images/like.png]
[bookland.dexignzone.com/xhtml/css/style.css]
[bookland.dexignzone.com/xhtml/images/background/bg3.jpg]
[bookland.dexignzone.com/xhtml/images/books/grid/book4.jpg]
[bookland.dexignzone.com/xhtml/vendor/bootstrap-touchspin/bootstrap-touchspin.js]
[bookland.dexignzone.com/xhtml/vendor/countdown/counter.js]
[bookland.dexignzone.com/xhtml/wishlist.html]
[bookland.dexignzone.com/xhtml/images/profile2.jpg]
[bookland.dexignzone.com/xhtml/images/profile4.jpg]
[bookland.dexignzone.com/xhtml/images/profile3.jpg]
[bookland.dexignzone.com/xhtml/books-detail.html]
[bookland.dexignzone.com/xhtml/shop-cart.html]
[bookland.dexignzone.com/xhtml/shop-checkout.html]
[bookland.dexignzone.com/xhtml/my-profile.html]
[bookland.dexignzone.com/xhtml/shop-login.html]
[bookland.dexignzone.com/xhtml/images/background/bg2.jpg]
[www.google.com/recaptcha/api.js]
[bookland.dexignzone.com/xhtml/contact-us.html]
[bookland.dexignzone.com/xhtml/images/background/waveElement2.png]
[bookland.dexignzone.com/xhtml/images/banner/banner-media3.png]
[bookland.dexignzone.com/xhtml/images/background/waveelement2-2.png]
[bookland.dexignzone.com/xhtml/images/banner/banner-media4.png]
[bookland.dexignzone.com/xhtml/images/about/about1.jpg]
[bookland.dexignzone.com/xhtml/images/about/about2.jpg]
[bookland.dexignzone.com/xhtml/images/testimonial/wave.png]
[bookland.dexignzone.com/xhtml/images/testimonial/testimonial5.jpg]
[bookland.dexignzone.com/xhtml/images/testimonial/testimonial6.jpg]
[bookland.dexignzone.com/xhtml/images/logo-white.png]
[bookland.dexignzone.com/xhtml/index-2.html]
[bookland.dexignzone.com/xhtml/about-us.html]
[bookland.dexignzone.com/xhtml/images/services/service2.jpg]
[bookland.dexignzone.com/xhtml/images/services/service1.jpg]
[bookland.dexignzone.com/xhtml/images/services/service3.jpg]
[bookland.dexignzone.com/xhtml/images/services/service4.jpg]
[bookland.dexignzone.com/xhtml/images/services/service5.jpg]
[bookland.dexignzone.com/xhtml/images/services/service6.jpg]
[bookland.dexignzone.com/xhtml/services.html]
[bookland.dexignzone.com/xhtml/images/about/pic2.jpg]
[bookland.dexignzone.com/xhtml/images/about/pic1.jpg]
[bookland.dexignzone.com/xhtml/faq.html]
[bookland.dexignzone.com/xhtml/help-desk.html]
[bookland.dexignzone.com/xhtml/vendor/countdown/kinetic.js]
[bookland.dexignzone.com/xhtml/vendor/countdown/jquery.final-countdown.js]
[bookland.dexignzone.com/xhtml/coming-soon.html]
[bookland.dexignzone.com/xhtml/pricing.html]
[bookland.dexignzone.com/xhtml/privacy-policy.html]
[bookland.dexignzone.com/xhtml/images/background/uc.jpg]
[bookland.dexignzone.com/xhtml/under-construction.html]
[bookland.dexignzone.com/xhtml/error-404.html]
[bookland.dexignzone.com/xhtml/images/books/grid/book8.jpg]
[bookland.dexignzone.com/xhtml/images/books/grid/book13.jpg]
[bookland.dexignzone.com/xhtml/images/books/grid/book10.jpg]
[bookland.dexignzone.com/xhtml/books-grid-view.html]
[bookland.dexignzone.com/xhtml/vendor/wnumb/wNumb.js]
[bookland.dexignzone.com/xhtml/vendor/nouislider/nouislider.min.js]
[bookland.dexignzone.com/xhtml/books-grid-view-sidebar.html]
[bookland.dexignzone.com/xhtml/vendor/owl-carousel/owl.carousel.js]
[bookland.dexignzone.com/xhtml/books-list.html]
[bookland.dexignzone.com/xhtml/books-list-view-sidebar.html]
[bookland.dexignzone.com/xhtml/shop-registration.html]
[bookland.dexignzone.com/xhtml/images/blog/large/blog2.jpg]
[bookland.dexignzone.com/xhtml/images/blog/large/blog1.jpg]
[bookland.dexignzone.com/xhtml/images/blog/large/blog3.jpg]
[bookland.dexignzone.com/xhtml/images/blog/large/blog4.jpg]
[bookland.dexignzone.com/xhtml/blog-grid.html]
[bookland.dexignzone.com/xhtml/images/blog/recent-blog/blog1.jpg]
[bookland.dexignzone.com/xhtml/images/blog/recent-blog/blog2.jpg]
[bookland.dexignzone.com/xhtml/images/blog/recent-blog/blog3.jpg]
[bookland.dexignzone.com/xhtml/blog-large-sidebar.html]
[bookland.dexignzone.com/xhtml/blog-list-sidebar.html]
[bookland.dexignzone.com/xhtml/images/blog/default/blog1.jpg]
[bookland.dexignzone.com/xhtml/images/blog/blog.jpg]
[bookland.dexignzone.com/xhtml/blog-detail.html]
[bookland.dexignzone.com/xhtml/images/client/client1.svg]
[bookland.dexignzone.com/xhtml/images/client/client2.svg]
[bookland.dexignzone.com/xhtml/images/client/client3.svg]
[bookland.dexignzone.com/xhtml/images/client/client4.svg]
[bookland.dexignzone.com/xhtml/images/client/client5.svg]
[bookland.dexignzone.com/xhtml/icons/flaticon/font/flaticonf44b.ttf]
[bookland.dexignzone.com/xhtml/icons/flaticon/font/flaticonf44b.woff]
[bookland.dexignzone.com/xhtml/icons/flaticon/font/flaticonf44b.woff2]
[bookland.dexignzone.com/xhtml/icons/flaticon/font/flaticonf44b.eot]
[bookland.dexignzone.com/xhtml/icons/flaticon/font/flaticon.css]
[bookland.dexignzone.com/xhtml/images/icon/download-icon2.html]
[bookland.dexignzone.com/xhtml/images/icon/download-icon1.html]
[bookland.dexignzone.com/xhtml/icons/themify/fonts/themify9f24.eot]
[bookland.dexignzone.com/xhtml/icons/themify/fonts/themifyd41d.eot]
[bookland.dexignzone.com/xhtml/icons/themify/fonts/themify9f24.woff]
[bookland.dexignzone.com/xhtml/icons/themify/fonts/themify9f24.ttf]
[bookland.dexignzone.com/xhtml/icons/themify/themify-icons.css]
[bookland.dexignzone.com/xhtml/vendor/nouislider/nouislider.min.css]
[bookland.dexignzone.com/xhtml/blog-details.html]
[bookland.dexignzone.com/xhtml/blog-details-2.html]
[bookland.dexignzone.com/xhtml/icons/flaticon/font/flaticonf44b.svg]
[bookland.dexignzone.com/xhtml/icons/themify/fonts/themify9f24.svg]
